// Jest Snapshot v1, https://goo.gl/fbAQLP

exports[`Home rendering test 1`] = `
<div
  className="Home"
>
  <h1>
    Welcome to our Maths App
  </h1>
  <div>
    <p>
      This is a simple app that allows you to do basic math operations. You can add, subtract, multiply and divide numbers.
    </p>
    <p>
      Lorem ipsum dolor sit amet. Ut repellendus ducimus non cupiditate odio non sint mollitia aperiam perspiciatis eos cumque veniam. Qui quae eaque ut tenetur tenetur et magni cupiditate ab voluptates animi non suscipit architecto. Sit ipsum dolorum et delectus ducimus et doloribus
    </p>
  </div>
</div>
`;
